---
source: apps/cli/src/render.rs
expression: "render_now(&subscription_only_now(), RenderOptions::braille(false))"
---
C⠉ costroid                                    this week  ~$0.00
────────────────────────────────────────────────────────────────
limits
  claude code  5h  unavailable: no captured reading; run `costroid setup-statusline`
  codex        5h  ⣿⣿⣿⣿⣿⣿⣿⣿⣿⣀⣀⣀  78%  resets 41m
  codex        wk  ⣿⣿⣿⣿⣿⣿⣿⣿⣿⣿⣿⣀  92% !  resets 2d 6h
  cursor       wk  ⣿⣿⣿⣿⣿⣿⣿⣿⣿⣿⣿⡇  97% !!  partial: limit data incomplete
────────────────────────────────────────────────────────────────
api costs (this week)
  no API usage in this period
────────────────────────────────────────────────────────────────
subscription API-equivalent value (estimate, not bill)
  ● gpt 5.5           ⣀⣀⣀⣀⣀⣀⣀⣀⣀⣀⣀⣀        ~$0.00  [unpriced/partial]
────────────────────────────────────────────────────────────────
◆ cursor wk at 97%, resets unknown.
provider cursor missing: no local data found
