---
source: apps/cli/src/render.rs
expression: "render_now(&all_arms_now(), RenderOptions::braille(true))"
---
C⠉ costroid                                   this week  [1m~$42.18[0m
────────────────────────────────────────────────────────────────
limits
  claude code  5h  [1m⣿⣿⣿⣿⣿⣿⡇⣀⣀⣀⣀⣀[0m  55%  resets 2h  as of 08:30
    reflects Claude Code's view; claude.ai chat usage may make true usage higher.
  claude code  wk  [1m⣿⣿⣿⣿⣿⣿⣿⣿⣿⣿⣿⡇[0m  96% ? unverified  resets 2d 2h  as of 08:30
    reflects Claude Code's view; claude.ai chat usage may make true usage higher.
  codex        5h  [1m⣿⣿⣿⣿⡇⣀⣀⣀⣀⣀⣀⣀[0m  40%  resets 41m  as of 08:30
  cursor       mo  $18.50 / $20.00 used  resets 12d  as of 08:30
  cursor       wk  [33;1m⣿⣿⣿⣿⣿⣿⣿⣿⣿⣿⡇⣀[0m  88% !  partial: limit data incomplete  as of 08:30
  claude code  1d  usage: 1,234,567 tokens (~$12.34, estimated) — quota % unavailable
    reflects Claude Code's view; claude.ai chat usage may make true usage higher.
  codex        1d  usage: 5,000 tokens (estimated) — quota % unavailable
  cursor       cyc unavailable: no sanctioned source
────────────────────────────────────────────────────────────────
api costs (this week)
  claude opus 4.7     [1m⣿⣿⣿⣿⣿⣿⣿⣿⣿⣿⣿⣿[0m  [1m~$24.10[0m
  gpt 5.5             [1m⣿⣿⣿⣿⣿⡇⣀⣀⣀⣀⣀⣀[0m  [1m~$11.30[0m
  sonnet 4.6          [1m⣿⣿⣿⣀⣀⣀⣀⣀⣀⣀⣀⣀[0m  [1m~$6.78[0m
────────────────────────────────────────────────────────────────
subscription API-equivalent value (estimate, not bill)
  gpt 5.5             [1m⣀⣀⣀⣀⣀⣀⣀⣀⣀⣀⣀⣀[0m  [1m~$0.00[0m  [unpriced/partial]
────────────────────────────────────────────────────────────────
unknown-access usage (partial)
  mystery model       [1m⣀⣀⣀⣀⣀⣀⣀⣀⣀⣀⣀⣀[0m  [1m~$0.00[0m  [unknown model/unpriced]
────────────────────────────────────────────────────────────────
◆ claude code wk at 96% (unverified), resets 2d 2h.
provider cursor missing: no local data found
